// Jest Snapshot v1, https://goo.gl/fbAQLP

exports[`should rendering 1`] = `
<div>
  <div>
    <ins
      class="adsbygoogle"
      data-ad-format="auto"
      data-ad-slot="7065957525"
      data-adtest="on"
      data-full-width-responsive="true"
      style="display: block;"
    />
  </div>
  <span
    hidden=""
    id="__chakra_env"
  />
</div>
`;
