// Jest Snapshot v1, https://goo.gl/fbAQLP

exports[`should rendering 1`] = `
<div>
  <div
    class="chakra-table__container css-0"
  >
    <table
      class="chakra-table css-0"
      role="table"
    >
      <tbody
        class="css-0"
      >
        <tr
          class="css-0"
          role="row"
        >
          <td
            class="css-0"
            role="gridcell"
          >
            20
          </td>
          <td
            class="css-0"
            role="gridcell"
          >
            <div
              class="css-0"
            >
              <div
                class="css-0"
              />
            </div>
          </td>
          <td
            class="css-0"
            role="gridcell"
          >
            0
          </td>
        </tr>
        <tr
          class="css-0"
          role="row"
        >
          <td
            class="css-0"
            role="gridcell"
          >
            19
          </td>
          <td
            class="css-0"
            role="gridcell"
          >
            <div
              class="css-0"
            >
              <div
                class="css-0"
              />
            </div>
          </td>
          <td
            class="css-0"
            role="gridcell"
          >
            0
          </td>
        </tr>
        <tr
          class="css-0"
          role="row"
        >
          <td
            class="css-0"
            role="gridcell"
          >
            18
          </td>
          <td
            class="css-0"
            role="gridcell"
          >
            <div
              class="css-0"
            >
              <div
                class="css-0"
              />
            </div>
          </td>
          <td
            class="css-0"
            role="gridcell"
          >
            0
          </td>
        </tr>
        <tr
          class="css-0"
          role="row"
        >
          <td
            class="css-0"
            role="gridcell"
          >
            17
          </td>
          <td
            class="css-0"
            role="gridcell"
          >
            <div
              class="css-0"
            >
              <div
                class="css-0"
              />
            </div>
          </td>
          <td
            class="css-0"
            role="gridcell"
          >
            0
          </td>
        </tr>
        <tr
          class="css-0"
          role="row"
        >
          <td
            class="css-0"
            role="gridcell"
          >
            16
          </td>
          <td
            class="css-0"
            role="gridcell"
          >
            <div
              class="css-0"
            >
              <div
                class="css-0"
              />
            </div>
          </td>
          <td
            class="css-0"
            role="gridcell"
          >
            0
          </td>
        </tr>
        <tr
          class="css-0"
          role="row"
        >
          <td
            class="css-0"
            role="gridcell"
          >
            15
          </td>
          <td
            class="css-0"
            role="gridcell"
          >
            <div
              class="css-0"
            >
              <div
                class="css-0"
              />
            </div>
          </td>
          <td
            class="css-0"
            role="gridcell"
          >
            0
          </td>
        </tr>
        <tr
          class="css-0"
          role="row"
        >
          <td
            class="css-0"
            role="gridcell"
          >
            BULL
          </td>
          <td
            class="css-0"
            role="gridcell"
          >
            <div
              class="css-0"
            >
              <div
                class="css-0"
              />
            </div>
          </td>
          <td
            class="css-0"
            role="gridcell"
          >
            0
          </td>
        </tr>
      </tbody>
    </table>
  </div>
</div>
`;
