// Jest Snapshot v1, https://goo.gl/fbAQLP

exports[`should rendering 1`] = `
<div>
  <div
    class="css-0"
  >
    <div
      class="css-1v5zkfs"
    >
      <div
        class="css-1ibo7k1"
      >
        <button
          aria-label="Toggle Navigation"
          class="chakra-button css-ywwdc4"
          type="button"
        >
          <svg
            aria-hidden="true"
            fill="currentColor"
            focusable="false"
            height="1em"
            stroke="currentColor"
            stroke-width="0"
            viewBox="0 0 512 512"
            width="1em"
            xmlns="http://www.w3.org/2000/svg"
          >
            <path
              d="M32 96v64h448V96H32zm0 128v64h448v-64H32zm0 128v64h448v-64H32z"
            />
          </svg>
        </button>
      </div>
      <div
        class="css-hhwkx"
      >
        <a
          class="chakra-link css-32dq02"
          href="/"
        >
          <img
            alt="logo"
            class="chakra-image css-xgff9b"
            src="logo.png"
          />
        </a>
        <div
          class="css-s90a0u"
        >
          <div
            class="chakra-stack css-a9v878"
          >
            <div
              class="css-0"
            >
              <a
                aria-controls="popover-content-:r2:"
                aria-expanded="false"
                aria-haspopup="dialog"
                class="chakra-link css-oe8fj1"
                href="#"
                id="popover-trigger-:r2:"
              >
                Games
              </a>
              <div
                class="chakra-popover__popper css-1qq679y"
                style="visibility: hidden; position: absolute; min-width: max-content; inset: 0 auto auto 0;"
              >
                <section
                  class="chakra-popover__content css-24m2y2"
                  id="popover-content-:r2:"
                  role="tooltip"
                  style="transform-origin: var(--popper-transform-origin); opacity: 0; transform: scale(0.95) translateZ(0);"
                  tabindex="-1"
                >
                  <div
                    class="chakra-stack css-n21gh5"
                  >
                    <a
                      class="chakra-link css-1tsr3k3"
                      href="#"
                      role="group"
                    >
                      <div
                        class="chakra-stack css-84zodg"
                      >
                        <div
                          class="css-0"
                        >
                          <p
                            class="chakra-text css-sc37ud"
                          >
                            501
                          </p>
                          <p
                            class="chakra-text css-itvw0n"
                          >
                            The popular dart game
                          </p>
                        </div>
                        <div
                          class="css-2gz105"
                        >
                          <svg
                            class="chakra-icon css-swb7g"
                            fill="currentColor"
                            focusable="false"
                            height="1em"
                            stroke="currentColor"
                            stroke-width="0"
                            viewBox="0 0 8 16"
                            width="1em"
                            xmlns="http://www.w3.org/2000/svg"
                          >
                            <path
                              d="M7.5 8l-5 5L1 11.5 4.75 8 1 4.5 2.5 3l5 5z"
                              fill-rule="evenodd"
                            />
                          </svg>
                        </div>
                      </div>
                    </a>
                    <a
                      class="chakra-link css-1tsr3k3"
                      href="/eagleseye"
                      role="group"
                    >
                      <div
                        class="chakra-stack css-84zodg"
                      >
                        <div
                          class="css-0"
                        >
                          <p
                            class="chakra-text css-sc37ud"
                          >
                            Eagle's Eye
                          </p>
                          <p
                            class="chakra-text css-itvw0n"
                          >
                            A dart game for BULL practice
                          </p>
                        </div>
                        <div
                          class="css-2gz105"
                        >
                          <svg
                            class="chakra-icon css-swb7g"
                            fill="currentColor"
                            focusable="false"
                            height="1em"
                            stroke="currentColor"
                            stroke-width="0"
                            viewBox="0 0 8 16"
                            width="1em"
                            xmlns="http://www.w3.org/2000/svg"
                          >
                            <path
                              d="M7.5 8l-5 5L1 11.5 4.75 8 1 4.5 2.5 3l5 5z"
                              fill-rule="evenodd"
                            />
                          </svg>
                        </div>
                      </div>
                    </a>
                    <a
                      class="chakra-link css-1tsr3k3"
                      href="/cricketnumbercount"
                      role="group"
                    >
                      <div
                        class="chakra-stack css-84zodg"
                      >
                        <div
                          class="css-0"
                        >
                          <p
                            class="chakra-text css-sc37ud"
                          >
                            Cricket Number Count
                          </p>
                          <p
                            class="chakra-text css-itvw0n"
                          >
                            A original dart game for practice. designed by kikuyama.
                          </p>
                        </div>
                        <div
                          class="css-2gz105"
                        >
                          <svg
                            class="chakra-icon css-swb7g"
                            fill="currentColor"
                            focusable="false"
                            height="1em"
                            stroke="currentColor"
                            stroke-width="0"
                            viewBox="0 0 8 16"
                            width="1em"
                            xmlns="http://www.w3.org/2000/svg"
                          >
                            <path
                              d="M7.5 8l-5 5L1 11.5 4.75 8 1 4.5 2.5 3l5 5z"
                              fill-rule="evenodd"
                            />
                          </svg>
                        </div>
                      </div>
                    </a>
                  </div>
                </section>
              </div>
            </div>
            <div
              class="css-0"
            >
              <a
                aria-controls="popover-content-:r4:"
                aria-expanded="false"
                aria-haspopup="dialog"
                class="chakra-link css-oe8fj1"
                href="#"
                id="popover-trigger-:r4:"
              >
                Respects
              </a>
            </div>
          </div>
        </div>
      </div>
    </div>
    <div
      class="chakra-collapse"
      style="overflow: hidden; display: none; opacity: 0; height: 0px;"
    >
      <div
        class="chakra-stack css-z4006u"
      >
        <div
          class="chakra-stack css-egoftb"
        >
          <a
            class="chakra-link css-wnxme9"
            href="#"
          >
            <p
              class="chakra-text css-9y4vnp"
            >
              Games
            </p>
            <svg
              class="chakra-icon css-q9erop"
              fill="currentColor"
              focusable="false"
              height="1em"
              stroke="currentColor"
              stroke-width="0"
              viewBox="0 0 10 16"
              width="1em"
              xmlns="http://www.w3.org/2000/svg"
            >
              <path
                d="M5 11L0 6l1.5-1.5L5 8.25 8.5 4.5 10 6l-5 5z"
                fill-rule="evenodd"
              />
            </svg>
          </a>
          <div
            class="chakra-collapse"
            style="overflow: hidden; display: none; opacity: 0; height: 0px;"
          >
            <div
              class="chakra-stack css-11sp92w"
            >
              <a
                class="chakra-link css-km23hw"
                href="#"
              >
                501
              </a>
              <a
                class="chakra-link css-km23hw"
                href="/eagleseye"
              >
                Eagle's Eye
              </a>
              <a
                class="chakra-link css-km23hw"
                href="/cricketnumbercount"
              >
                Cricket Number Count
              </a>
            </div>
          </div>
        </div>
        <div
          class="chakra-stack css-egoftb"
        >
          <a
            class="chakra-link css-wnxme9"
            href="#"
          >
            <p
              class="chakra-text css-9y4vnp"
            >
              Respects
            </p>
          </a>
          <div
            class="chakra-collapse"
            style="overflow: hidden; display: none; opacity: 0; height: 0px;"
          >
            <div
              class="chakra-stack css-11sp92w"
            />
          </div>
        </div>
      </div>
    </div>
  </div>
  <span
    hidden=""
    id="__chakra_env"
  />
</div>
`;
