// Jest Snapshot v1, https://goo.gl/fbAQLP

exports[`should rendering 1`] = `
<div>
  <div
    class="chakra-table__container css-0"
  >
    <table
      class="chakra-table css-0"
      role="table"
    >
      <tbody
        class="css-0"
      >
        <tr
          class="css-0"
          role="row"
        >
          <td
            class="css-0"
            role="gridcell"
          >
            20T
          </td>
          <td
            class="css-0"
            role="gridcell"
          >
            19T
          </td>
          <td
            class="css-0"
            role="gridcell"
          >
            18T
          </td>
        </tr>
      </tbody>
    </table>
  </div>
</div>
`;
