// Jest Snapshot v1, https://goo.gl/fbAQLP

exports[`should rendering 1`] = `
<div>
  <div
    class="max-h-[300px] overflow-y-auto"
  >
    <table
      class="w-full table-fixed"
    >
      <tbody>
        <tr
          class="border-b py-2"
        >
          <td
            class="py-2 text-center font-semibold italic text-gray-500"
          >
            T20
          </td>
          <td
            class="py-2 text-center font-semibold italic text-gray-500"
          >
            T19
          </td>
          <td
            class="py-2 text-center font-semibold italic text-gray-500"
          >
            T18
          </td>
        </tr>
      </tbody>
    </table>
  </div>
</div>
`;
