// Jest Snapshot v1, https://goo.gl/fbAQLP

exports[`should rendering 1`] = `
<div>
  <div
    class="chakra-table__container css-c53i0p"
  >
    <table
      class="chakra-table css-5605sr"
    >
      <tbody
        class="css-0"
      >
        <tr
          class="css-x4muuh"
        >
          <td
            class="css-1hg6byp"
          >
            <p
              class="chakra-text css-1ps7yy3"
            >
              20
            </p>
          </td>
          <td
            class="css-1hg6byp"
          >
            <div
              class="css-1h3cqa9"
            >
              <div
                class="css-0"
              />
            </div>
          </td>
          <td
            class="css-1hg6byp"
          >
            <p
              class="chakra-text css-1ps7yy3"
            >
              0
            </p>
          </td>
        </tr>
        <tr
          class="css-x4muuh"
        >
          <td
            class="css-1hg6byp"
          >
            <p
              class="chakra-text css-1ps7yy3"
            >
              19
            </p>
          </td>
          <td
            class="css-1hg6byp"
          >
            <div
              class="css-1h3cqa9"
            >
              <div
                class="css-0"
              />
            </div>
          </td>
          <td
            class="css-1hg6byp"
          >
            <p
              class="chakra-text css-1ps7yy3"
            >
              0
            </p>
          </td>
        </tr>
        <tr
          class="css-x4muuh"
        >
          <td
            class="css-1hg6byp"
          >
            <p
              class="chakra-text css-1ps7yy3"
            >
              18
            </p>
          </td>
          <td
            class="css-1hg6byp"
          >
            <div
              class="css-1h3cqa9"
            >
              <div
                class="css-0"
              />
            </div>
          </td>
          <td
            class="css-1hg6byp"
          >
            <p
              class="chakra-text css-1ps7yy3"
            >
              0
            </p>
          </td>
        </tr>
        <tr
          class="css-x4muuh"
        >
          <td
            class="css-1hg6byp"
          >
            <p
              class="chakra-text css-1ps7yy3"
            >
              17
            </p>
          </td>
          <td
            class="css-1hg6byp"
          >
            <div
              class="css-1h3cqa9"
            >
              <div
                class="css-0"
              />
            </div>
          </td>
          <td
            class="css-1hg6byp"
          >
            <p
              class="chakra-text css-1ps7yy3"
            >
              0
            </p>
          </td>
        </tr>
        <tr
          class="css-x4muuh"
        >
          <td
            class="css-1hg6byp"
          >
            <p
              class="chakra-text css-1ps7yy3"
            >
              16
            </p>
          </td>
          <td
            class="css-1hg6byp"
          >
            <div
              class="css-1h3cqa9"
            >
              <div
                class="css-0"
              />
            </div>
          </td>
          <td
            class="css-1hg6byp"
          >
            <p
              class="chakra-text css-1ps7yy3"
            >
              0
            </p>
          </td>
        </tr>
        <tr
          class="css-x4muuh"
        >
          <td
            class="css-1hg6byp"
          >
            <p
              class="chakra-text css-1ps7yy3"
            >
              15
            </p>
          </td>
          <td
            class="css-1hg6byp"
          >
            <div
              class="css-1h3cqa9"
            >
              <div
                class="css-0"
              />
            </div>
          </td>
          <td
            class="css-1hg6byp"
          >
            <p
              class="chakra-text css-1ps7yy3"
            >
              0
            </p>
          </td>
        </tr>
        <tr
          class="css-x4muuh"
        >
          <td
            class="css-1hg6byp"
          >
            <p
              class="chakra-text css-1ps7yy3"
            >
              BULL
            </p>
          </td>
          <td
            class="css-1hg6byp"
          >
            <div
              class="css-1h3cqa9"
            >
              <div
                class="css-0"
              />
            </div>
          </td>
          <td
            class="css-1hg6byp"
          >
            <p
              class="chakra-text css-1ps7yy3"
            >
              0
            </p>
          </td>
        </tr>
      </tbody>
    </table>
  </div>
  <span
    hidden=""
    id="__chakra_env"
  />
</div>
`;
