// Jest Snapshot v1, https://goo.gl/fbAQLP

exports[`should rendering 1`] = `
<div>
  <div
    class="css-0"
  >
    <p
      class="chakra-text css-uzy2cd"
    >
      next target
    </p>
    <p
      class="chakra-text css-17ue8gu"
    >
      501
    </p>
  </div>
  <span
    hidden=""
    id="__chakra_env"
  />
</div>
`;
