// Jest Snapshot v1, https://goo.gl/fbAQLP

exports[`should rendering 1`] = `
<div>
  <div
    class="css-0"
  >
    <h2
      class="chakra-heading css-19cqpm0"
    >
      next target
    </h2>
    <h2
      class="chakra-heading css-2sb8by"
    >
      501
    </h2>
  </div>
  <span
    hidden=""
    id="__chakra_env"
  />
</div>
`;
