// Jest Snapshot v1, https://goo.gl/fbAQLP

exports[`should rendering 1`] = `
<div>
  <div
    class="css-vyd9jy"
  >
    <div
      class="css-0"
    >
      <img
        alt="darts"
        class="chakra-image css-qexl9x"
        src="/darts.png"
      />
    </div>
    <div
      class="css-0"
    >
      <div
        class="css-tkevr6"
      >
        <p
          class="chakra-text css-1ngz931"
        >
          This application has some darts games.The games are for solo practice. (Is the 01 game not solo? It's for software development learning)
Some games are not supported by DartsLive Home. So if a game will support by DartsLive Home, the game changes to deprecated.
        </p>
      </div>
    </div>
  </div>
  <span
    hidden=""
    id="__chakra_env"
  />
</div>
`;
