// Jest Snapshot v1, https://goo.gl/fbAQLP

exports[`should rendering 1`] = `
<div>
  <div
    class="flex justify-center gap-8"
  >
    <div
      class="h-[360px] w-[640px]"
    >
      <link
        as="image"
        href="https://i.ytimg.com/vi_webp/HiNOjEYbUXc/hqdefault.webp"
        rel="preload"
      />
      <article
        class="yt-lite "
        data-title="【ダーツ】友達にダーツをさせる方法【菊地山口】"
        style="background-image: url(https://i.ytimg.com/vi_webp/HiNOjEYbUXc/hqdefault.webp); --aspect-ratio: 56.25%;"
      >
        <button
          aria-label="Watch 【ダーツ】友達にダーツをさせる方法【菊地山口】"
          class="lty-playbtn"
          type="button"
        />
      </article>
    </div>
    <div
      class="flex max-w-lg flex-col justify-center gap-4"
    >
      <h2
        class="text-2xl font-bold"
      >
        Suggest practicing home darts
      </h2>
      <p
        class="whitespace-pre-wrap text-base"
      >
        We propose practice methods for home darts, which tend to be monotonous.
The practice is supported as an application with references to YouTube, Blogs, etc.
      </p>
    </div>
  </div>
  <span
    hidden=""
    id="__chakra_env"
  />
</div>
`;
