// Jest Snapshot v1, https://goo.gl/fbAQLP

exports[`should rendering 1`] = `
<div>
  <div
    class="css-9p431j"
  >
    <img
      alt="history image"
      class="chakra-image css-kudyzt"
      src="/history.webp"
    />
    <div
      class="css-1ligtzy"
    >
      <h2
        class="chakra-heading css-1jb3vzl"
      >
        A little help for your growth
      </h2>
      <p
        class="chakra-text css-1lfynoq"
      >
        Record your practice results and make your growth transparent.
      </p>
      <p
        class="chakra-text css-1lfynoq"
      >
        Records are saved only in this browser.
They cannot be viewed on other devices or browsers.
So just a little support.
      </p>
    </div>
  </div>
  <span
    hidden=""
    id="__chakra_env"
  />
</div>
`;
