// Jest Snapshot v1, https://goo.gl/fbAQLP

exports[`should rendering 1`] = `
<div>
  <div
    class="chakra-table__container css-c53i0p"
  >
    <table
      class="chakra-table css-5605sr"
    >
      <tbody
        class="css-0"
      >
        <tr
          class="css-x4muuh"
        >
          <td
            class="css-yqmnaf"
          >
            <p
              class="chakra-text css-1ps7yy3"
            >
              20
            </p>
          </td>
          <td
            class="css-yqmnaf"
          >
            <div
              class="css-1h3cqa9"
            >
              <div
                class="css-0"
              >
                <div
                  class="css-lzrd4v-CricketMark"
                />
              </div>
              <div
                class="css-0"
              >
                <div
                  class="css-lzrd4v-CricketMark"
                />
              </div>
              <div
                class="css-0"
              >
                <div
                  class="css-lzrd4v-CricketMark"
                />
              </div>
              <div
                class="css-0"
              >
                <div
                  class="css-109awtt-CricketMark"
                />
              </div>
            </div>
          </td>
          <td
            class="css-yqmnaf"
          >
            <p
              class="chakra-text css-1ps7yy3"
            >
              5
            </p>
          </td>
        </tr>
      </tbody>
    </table>
  </div>
  <span
    hidden=""
    id="__chakra_env"
  />
</div>
`;
