// Jest Snapshot v1, https://goo.gl/fbAQLP

exports[`should rendering 1`] = `
<div>
  <button
    class="m-auto inline-flex items-center rounded-full bg-blue-500 p-2.5 text-center text-sm font-medium text-white hover:bg-blue-400 focus:outline-none focus:ring-4 focus:ring-blue-300 disabled:cursor-not-allowed disabled:bg-blue-300"
    type="button"
  />
  <span
    hidden=""
    id="__chakra_env"
  />
</div>
`;
