// Jest Snapshot v1, https://goo.gl/fbAQLP

exports[`should rendering 1`] = `
<div>
  <button
    class="text-white bg-blue-500 hover:bg-blue-400 disabled:bg-blue-300 focus:ring-4 m-auto inline-flex items-center rounded-full p-2.5 text-center text-sm font-medium focus:outline-none disabled:cursor-not-allowed"
    type="button"
  />
  <span
    hidden=""
    id="__chakra_env"
  />
</div>
`;
