// Jest Snapshot v1, https://goo.gl/fbAQLP

exports[`should rendering 1`] = `
<div>
  <div
    class="flex h-full w-full"
  >
    <div
      class="relative h-full w-full"
    >
      <div
        class="absolute inset-0 flex h-full w-full items-center justify-center opacity-100 transition-opacity duration-150"
      >
        <div
          aria-label="target board"
        >
          <p
            aria-label="message Target"
            class="pl-1 pt-1 font-bold text-green-600 md:pl-4 md:pt-4 text-[24px] md:text-[32px]"
          >
            Target
          </p>
          <p
            aria-label="target Target"
            class="min-w-[110px] py-1 text-center font-[roboto,_sans-serif] font-bold text-gray-700 md:min-w-[260px] md:py-8 text-[48px] md:text-[96px]"
          >
            271
          </p>
        </div>
      </div>
    </div>
  </div>
  <span
    hidden=""
    id="__chakra_env"
  />
</div>
`;
