// Jest Snapshot v1, https://goo.gl/fbAQLP

exports[`should rendering 1`] = `
<div>
  <div
    data-cy="history-main"
  >
    <header
      class="z-[200] w-full md:fixed"
    >
      <div
        class="flex min-h-[60px] items-center border-b-[1px] border-solid border-gray-200 bg-white px-4 py-2 text-gray-600"
      >
        <div
          class="-ml-2 flex flex-1 md:hidden md:flex-auto"
        >
          <button
            aria-label="toggle navigation"
            class="text-gray-600 bg-transparent hover:text-gray-400 p-0 focus:ring-0 disabled:opacity-50 m-auto inline-flex items-center rounded-full p-2.5 text-center text-sm font-medium focus:outline-none disabled:cursor-not-allowed"
            type="button"
          >
            <svg
              fill="currentColor"
              height="18"
              stroke="currentColor"
              stroke-width="0"
              viewBox="0 0 512 512"
              width="18"
              xmlns="http://www.w3.org/2000/svg"
            >
              <path
                d="M32 96v64h448V96H32zm0 128v64h448v-64H32zm0 128v64h448v-64H32z"
              />
            </svg>
          </button>
        </div>
        <div
          class="flex flex-auto justify-center md:justify-start"
        >
          <a
            href="/"
          >
            <img
              alt="darts homes logo"
              data-nimg="1"
              decoding="async"
              height="40"
              loading="lazy"
              src="/logo.svg"
              style="color: transparent;"
              width="200"
            />
          </a>
          <div
            class="ml-10 hidden md:flex"
          >
            <div
              class="flex flex-row items-center gap-4"
            >
              <div>
                <div
                  aria-controls="popover-content-:r2:"
                  aria-expanded="false"
                  aria-haspopup="dialog"
                  class="p-2 text-sm font-medium text-gray-500 hover:text-gray-800"
                  id="popover-trigger-:r2:"
                >
                  <a
                    aria-label="Games"
                    href="/games"
                  >
                    Games
                  </a>
                </div>
                <div
                  class="chakra-popover__popper css-1qq679y"
                  style="visibility: hidden; position: absolute; min-width: max-content; inset: 0 auto auto 0;"
                >
                  <section
                    class="chakra-popover__content css-r1kswd"
                    id="popover-content-:r2:"
                    role="tooltip"
                    style="transform-origin: var(--popper-transform-origin); opacity: 0; visibility: hidden; transform: scale(0.95) translateZ(0);"
                    tabindex="-1"
                  >
                    <div
                      class="max-h-[80vh] overflow-y-scroll"
                    >
                      <div
                        class="group rounded-md p-2 hover:bg-pink-50"
                      >
                        <a
                          href="/eagleseye"
                        >
                          <div
                            class="flex flex-row items-center"
                          >
                            <div>
                              <p
                                class="font-medium text-gray-600 transition-all duration-300 group-hover:text-pink-400"
                              >
                                Eagle's Eye
                              </p>
                              <p
                                class="text-sm"
                              >
                                BULL only count up
                              </p>
                            </div>
                            <div
                              class="flex flex-1 -translate-x-3 justify-end opacity-0 transition-all duration-300 group-hover:translate-x-0 group-hover:opacity-100"
                            >
                              <svg
                                class="text-pink-400"
                                fill="currentColor"
                                height="20"
                                stroke="currentColor"
                                stroke-width="0"
                                viewBox="0 0 24 24"
                                width="20"
                                xmlns="http://www.w3.org/2000/svg"
                              >
                                <path
                                  d="M8.72 18.78a.75.75 0 0 1 0-1.06L14.44 12 8.72 6.28a.751.751 0 0 1 .018-1.042.751.751 0 0 1 1.042-.018l6.25 6.25a.75.75 0 0 1 0 1.06l-6.25 6.25a.75.75 0 0 1-1.06 0Z"
                                />
                              </svg>
                            </div>
                          </div>
                        </a>
                      </div>
                      <div
                        class="group rounded-md p-2 hover:bg-pink-50"
                      >
                        <a
                          href="/cricketmarkup"
                        >
                          <div
                            class="flex flex-row items-center"
                          >
                            <div>
                              <p
                                class="font-medium text-gray-600 transition-all duration-300 group-hover:text-pink-400"
                              >
                                Cricket Mark-Up
                              </p>
                              <p
                                class="text-sm"
                              >
                                Darts training game by "Kikuchi Yamaguchi"
                              </p>
                            </div>
                            <div
                              class="flex flex-1 -translate-x-3 justify-end opacity-0 transition-all duration-300 group-hover:translate-x-0 group-hover:opacity-100"
                            >
                              <svg
                                class="text-pink-400"
                                fill="currentColor"
                                height="20"
                                stroke="currentColor"
                                stroke-width="0"
                                viewBox="0 0 24 24"
                                width="20"
                                xmlns="http://www.w3.org/2000/svg"
                              >
                                <path
                                  d="M8.72 18.78a.75.75 0 0 1 0-1.06L14.44 12 8.72 6.28a.751.751 0 0 1 .018-1.042.751.751 0 0 1 1.042-.018l6.25 6.25a.75.75 0 0 1 0 1.06l-6.25 6.25a.75.75 0 0 1-1.06 0Z"
                                />
                              </svg>
                            </div>
                          </div>
                        </a>
                      </div>
                      <div
                        class="group rounded-md p-2 hover:bg-pink-50"
                      >
                        <a
                          href="/doubletrouble"
                        >
                          <div
                            class="flex flex-row items-center"
                          >
                            <div>
                              <p
                                class="font-medium text-gray-600 transition-all duration-300 group-hover:text-pink-400"
                              >
                                Double Trouble
                              </p>
                              <p
                                class="text-sm"
                              >
                                Double practice game
                              </p>
                            </div>
                            <div
                              class="flex flex-1 -translate-x-3 justify-end opacity-0 transition-all duration-300 group-hover:translate-x-0 group-hover:opacity-100"
                            >
                              <svg
                                class="text-pink-400"
                                fill="currentColor"
                                height="20"
                                stroke="currentColor"
                                stroke-width="0"
                                viewBox="0 0 24 24"
                                width="20"
                                xmlns="http://www.w3.org/2000/svg"
                              >
                                <path
                                  d="M8.72 18.78a.75.75 0 0 1 0-1.06L14.44 12 8.72 6.28a.751.751 0 0 1 .018-1.042.751.751 0 0 1 1.042-.018l6.25 6.25a.75.75 0 0 1 0 1.06l-6.25 6.25a.75.75 0 0 1-1.06 0Z"
                                />
                              </svg>
                            </div>
                          </div>
                        </a>
                      </div>
                      <div
                        class="group rounded-md p-2 hover:bg-pink-50"
                      >
                        <a
                          href="/sweet16"
                        >
                          <div
                            class="flex flex-row items-center"
                          >
                            <div>
                              <p
                                class="font-medium text-gray-600 transition-all duration-300 group-hover:text-pink-400"
                              >
                                Sweet 16
                              </p>
                              <p
                                class="text-sm"
                              >
                                32 double out practice game
                              </p>
                            </div>
                            <div
                              class="flex flex-1 -translate-x-3 justify-end opacity-0 transition-all duration-300 group-hover:translate-x-0 group-hover:opacity-100"
                            >
                              <svg
                                class="text-pink-400"
                                fill="currentColor"
                                height="20"
                                stroke="currentColor"
                                stroke-width="0"
                                viewBox="0 0 24 24"
                                width="20"
                                xmlns="http://www.w3.org/2000/svg"
                              >
                                <path
                                  d="M8.72 18.78a.75.75 0 0 1 0-1.06L14.44 12 8.72 6.28a.751.751 0 0 1 .018-1.042.751.751 0 0 1 1.042-.018l6.25 6.25a.75.75 0 0 1 0 1.06l-6.25 6.25a.75.75 0 0 1-1.06 0Z"
                                />
                              </svg>
                            </div>
                          </div>
                        </a>
                      </div>
                      <div
                        class="group rounded-md p-2 hover:bg-pink-50"
                      >
                        <a
                          href="/topsandtens"
                        >
                          <div
                            class="flex flex-row items-center"
                          >
                            <div>
                              <p
                                class="font-medium text-gray-600 transition-all duration-300 group-hover:text-pink-400"
                              >
                                Tops and Tens
                              </p>
                              <p
                                class="text-sm"
                              >
                                40 double out practice game
                              </p>
                            </div>
                            <div
                              class="flex flex-1 -translate-x-3 justify-end opacity-0 transition-all duration-300 group-hover:translate-x-0 group-hover:opacity-100"
                            >
                              <svg
                                class="text-pink-400"
                                fill="currentColor"
                                height="20"
                                stroke="currentColor"
                                stroke-width="0"
                                viewBox="0 0 24 24"
                                width="20"
                                xmlns="http://www.w3.org/2000/svg"
                              >
                                <path
                                  d="M8.72 18.78a.75.75 0 0 1 0-1.06L14.44 12 8.72 6.28a.751.751 0 0 1 .018-1.042.751.751 0 0 1 1.042-.018l6.25 6.25a.75.75 0 0 1 0 1.06l-6.25 6.25a.75.75 0 0 1-1.06 0Z"
                                />
                              </svg>
                            </div>
                          </div>
                        </a>
                      </div>
                      <div
                        class="group rounded-md p-2 hover:bg-pink-50"
                      >
                        <a
                          href="/twodartcombinations"
                        >
                          <div
                            class="flex flex-row items-center"
                          >
                            <div>
                              <p
                                class="font-medium text-gray-600 transition-all duration-300 group-hover:text-pink-400"
                              >
                                Two-Dart Combinations
                              </p>
                              <p
                                class="text-sm"
                              >
                                Two darts double out practice game
                              </p>
                            </div>
                            <div
                              class="flex flex-1 -translate-x-3 justify-end opacity-0 transition-all duration-300 group-hover:translate-x-0 group-hover:opacity-100"
                            >
                              <svg
                                class="text-pink-400"
                                fill="currentColor"
                                height="20"
                                stroke="currentColor"
                                stroke-width="0"
                                viewBox="0 0 24 24"
                                width="20"
                                xmlns="http://www.w3.org/2000/svg"
                              >
                                <path
                                  d="M8.72 18.78a.75.75 0 0 1 0-1.06L14.44 12 8.72 6.28a.751.751 0 0 1 .018-1.042.751.751 0 0 1 1.042-.018l6.25 6.25a.75.75 0 0 1 0 1.06l-6.25 6.25a.75.75 0 0 1-1.06 0Z"
                                />
                              </svg>
                            </div>
                          </div>
                        </a>
                      </div>
                      <div
                        class="group rounded-md p-2 hover:bg-pink-50"
                      >
                        <a
                          href="/aroundthecompass"
                        >
                          <div
                            class="flex flex-row items-center"
                          >
                            <div>
                              <p
                                class="font-medium text-gray-600 transition-all duration-300 group-hover:text-pink-400"
                              >
                                Around The Compass
                              </p>
                              <p
                                class="text-sm"
                              >
                                24 double out practice game
                              </p>
                            </div>
                            <div
                              class="flex flex-1 -translate-x-3 justify-end opacity-0 transition-all duration-300 group-hover:translate-x-0 group-hover:opacity-100"
                            >
                              <svg
                                class="text-pink-400"
                                fill="currentColor"
                                height="20"
                                stroke="currentColor"
                                stroke-width="0"
                                viewBox="0 0 24 24"
                                width="20"
                                xmlns="http://www.w3.org/2000/svg"
                              >
                                <path
                                  d="M8.72 18.78a.75.75 0 0 1 0-1.06L14.44 12 8.72 6.28a.751.751 0 0 1 .018-1.042.751.751 0 0 1 1.042-.018l6.25 6.25a.75.75 0 0 1 0 1.06l-6.25 6.25a.75.75 0 0 1-1.06 0Z"
                                />
                              </svg>
                            </div>
                          </div>
                        </a>
                      </div>
                      <div
                        class="group rounded-md p-2 hover:bg-pink-50"
                      >
                        <a
                          href="/tonsup"
                        >
                          <div
                            class="flex flex-row items-center"
                          >
                            <div>
                              <p
                                class="font-medium text-gray-600 transition-all duration-300 group-hover:text-pink-400"
                              >
                                Tons Up
                              </p>
                              <p
                                class="text-sm"
                              >
                                100 double out practice game
                              </p>
                            </div>
                            <div
                              class="flex flex-1 -translate-x-3 justify-end opacity-0 transition-all duration-300 group-hover:translate-x-0 group-hover:opacity-100"
                            >
                              <svg
                                class="text-pink-400"
                                fill="currentColor"
                                height="20"
                                stroke="currentColor"
                                stroke-width="0"
                                viewBox="0 0 24 24"
                                width="20"
                                xmlns="http://www.w3.org/2000/svg"
                              >
                                <path
                                  d="M8.72 18.78a.75.75 0 0 1 0-1.06L14.44 12 8.72 6.28a.751.751 0 0 1 .018-1.042.751.751 0 0 1 1.042-.018l6.25 6.25a.75.75 0 0 1 0 1.06l-6.25 6.25a.75.75 0 0 1-1.06 0Z"
                                />
                              </svg>
                            </div>
                          </div>
                        </a>
                      </div>
                      <div
                        class="group rounded-md p-2 hover:bg-pink-50"
                      >
                        <a
                          href="/route64"
                        >
                          <div
                            class="flex flex-row items-center"
                          >
                            <div>
                              <p
                                class="font-medium text-gray-600 transition-all duration-300 group-hover:text-pink-400"
                              >
                                Route 64
                              </p>
                              <p
                                class="text-sm"
                              >
                                64 double out practice game
                              </p>
                            </div>
                            <div
                              class="flex flex-1 -translate-x-3 justify-end opacity-0 transition-all duration-300 group-hover:translate-x-0 group-hover:opacity-100"
                            >
                              <svg
                                class="text-pink-400"
                                fill="currentColor"
                                height="20"
                                stroke="currentColor"
                                stroke-width="0"
                                viewBox="0 0 24 24"
                                width="20"
                                xmlns="http://www.w3.org/2000/svg"
                              >
                                <path
                                  d="M8.72 18.78a.75.75 0 0 1 0-1.06L14.44 12 8.72 6.28a.751.751 0 0 1 .018-1.042.751.751 0 0 1 1.042-.018l6.25 6.25a.75.75 0 0 1 0 1.06l-6.25 6.25a.75.75 0 0 1-1.06 0Z"
                                />
                              </svg>
                            </div>
                          </div>
                        </a>
                      </div>
                      <div
                        class="group rounded-md p-2 hover:bg-pink-50"
                      >
                        <a
                          href="/eightythrew"
                        >
                          <div
                            class="flex flex-row items-center"
                          >
                            <div>
                              <p
                                class="font-medium text-gray-600 transition-all duration-300 group-hover:text-pink-400"
                              >
                                Eighty Threw
                              </p>
                              <p
                                class="text-sm"
                              >
                                82 double out practice game
                              </p>
                            </div>
                            <div
                              class="flex flex-1 -translate-x-3 justify-end opacity-0 transition-all duration-300 group-hover:translate-x-0 group-hover:opacity-100"
                            >
                              <svg
                                class="text-pink-400"
                                fill="currentColor"
                                height="20"
                                stroke="currentColor"
                                stroke-width="0"
                                viewBox="0 0 24 24"
                                width="20"
                                xmlns="http://www.w3.org/2000/svg"
                              >
                                <path
                                  d="M8.72 18.78a.75.75 0 0 1 0-1.06L14.44 12 8.72 6.28a.751.751 0 0 1 .018-1.042.751.751 0 0 1 1.042-.018l6.25 6.25a.75.75 0 0 1 0 1.06l-6.25 6.25a.75.75 0 0 1-1.06 0Z"
                                />
                              </svg>
                            </div>
                          </div>
                        </a>
                      </div>
                      <div
                        class="group rounded-md p-2 hover:bg-pink-50"
                      >
                        <a
                          href="/shanghainights"
                        >
                          <div
                            class="flex flex-row items-center"
                          >
                            <div>
                              <p
                                class="font-medium text-gray-600 transition-all duration-300 group-hover:text-pink-400"
                              >
                                Shanghai Nights
                              </p>
                              <p
                                class="text-sm"
                              >
                                120 double out practice game
                              </p>
                            </div>
                            <div
                              class="flex flex-1 -translate-x-3 justify-end opacity-0 transition-all duration-300 group-hover:translate-x-0 group-hover:opacity-100"
                            >
                              <svg
                                class="text-pink-400"
                                fill="currentColor"
                                height="20"
                                stroke="currentColor"
                                stroke-width="0"
                                viewBox="0 0 24 24"
                                width="20"
                                xmlns="http://www.w3.org/2000/svg"
                              >
                                <path
                                  d="M8.72 18.78a.75.75 0 0 1 0-1.06L14.44 12 8.72 6.28a.751.751 0 0 1 .018-1.042.751.751 0 0 1 1.042-.018l6.25 6.25a.75.75 0 0 1 0 1.06l-6.25 6.25a.75.75 0 0 1-1.06 0Z"
                                />
                              </svg>
                            </div>
                          </div>
                        </a>
                      </div>
                      <div
                        class="group rounded-md p-2 hover:bg-pink-50"
                      >
                        <a
                          href="/switchhitter"
                        >
                          <div
                            class="flex flex-row items-center"
                          >
                            <div>
                              <p
                                class="font-medium text-gray-600 transition-all duration-300 group-hover:text-pink-400"
                              >
                                Switch Hitter
                              </p>
                              <p
                                class="text-sm"
                              >
                                19 practice game
                              </p>
                            </div>
                            <div
                              class="flex flex-1 -translate-x-3 justify-end opacity-0 transition-all duration-300 group-hover:translate-x-0 group-hover:opacity-100"
                            >
                              <svg
                                class="text-pink-400"
                                fill="currentColor"
                                height="20"
                                stroke="currentColor"
                                stroke-width="0"
                                viewBox="0 0 24 24"
                                width="20"
                                xmlns="http://www.w3.org/2000/svg"
                              >
                                <path
                                  d="M8.72 18.78a.75.75 0 0 1 0-1.06L14.44 12 8.72 6.28a.751.751 0 0 1 .018-1.042.751.751 0 0 1 1.042-.018l6.25 6.25a.75.75 0 0 1 0 1.06l-6.25 6.25a.75.75 0 0 1-1.06 0Z"
                                />
                              </svg>
                            </div>
                          </div>
                        </a>
                      </div>
                      <div
                        class="group rounded-md p-2 hover:bg-pink-50"
                      >
                        <a
                          href="/bullybully"
                        >
                          <div
                            class="flex flex-row items-center"
                          >
                            <div>
                              <p
                                class="font-medium text-gray-600 transition-all duration-300 group-hover:text-pink-400"
                              >
                                Bully Bully
                              </p>
                              <p
                                class="text-sm"
                              >
                                BULL practice game
                              </p>
                            </div>
                            <div
                              class="flex flex-1 -translate-x-3 justify-end opacity-0 transition-all duration-300 group-hover:translate-x-0 group-hover:opacity-100"
                            >
                              <svg
                                class="text-pink-400"
                                fill="currentColor"
                                height="20"
                                stroke="currentColor"
                                stroke-width="0"
                                viewBox="0 0 24 24"
                                width="20"
                                xmlns="http://www.w3.org/2000/svg"
                              >
                                <path
                                  d="M8.72 18.78a.75.75 0 0 1 0-1.06L14.44 12 8.72 6.28a.751.751 0 0 1 .018-1.042.751.751 0 0 1 1.042-.018l6.25 6.25a.75.75 0 0 1 0 1.06l-6.25 6.25a.75.75 0 0 1-1.06 0Z"
                                />
                              </svg>
                            </div>
                          </div>
                        </a>
                      </div>
                      <div
                        class="group rounded-md p-2 hover:bg-pink-50"
                      >
                        <a
                          href="/treblesforshow"
                        >
                          <div
                            class="flex flex-row items-center"
                          >
                            <div>
                              <p
                                class="font-medium text-gray-600 transition-all duration-300 group-hover:text-pink-400"
                              >
                                Treble For Show
                              </p>
                              <p
                                class="text-sm"
                              >
                                20 practice game
                              </p>
                            </div>
                            <div
                              class="flex flex-1 -translate-x-3 justify-end opacity-0 transition-all duration-300 group-hover:translate-x-0 group-hover:opacity-100"
                            >
                              <svg
                                class="text-pink-400"
                                fill="currentColor"
                                height="20"
                                stroke="currentColor"
                                stroke-width="0"
                                viewBox="0 0 24 24"
                                width="20"
                                xmlns="http://www.w3.org/2000/svg"
                              >
                                <path
                                  d="M8.72 18.78a.75.75 0 0 1 0-1.06L14.44 12 8.72 6.28a.751.751 0 0 1 .018-1.042.751.751 0 0 1 1.042-.018l6.25 6.25a.75.75 0 0 1 0 1.06l-6.25 6.25a.75.75 0 0 1-1.06 0Z"
                                />
                              </svg>
                            </div>
                          </div>
                        </a>
                      </div>
                      <div
                        class="group rounded-md p-2 hover:bg-pink-50"
                      >
                        <a
                          href="/arrange"
                        >
                          <div
                            class="flex flex-row items-center"
                          >
                            <div>
                              <p
                                class="font-medium text-gray-600 transition-all duration-300 group-hover:text-pink-400"
                              >
                                Arrange
                              </p>
                              <p
                                class="text-sm"
                              >
                                Arrange practice game
                              </p>
                            </div>
                            <div
                              class="flex flex-1 -translate-x-3 justify-end opacity-0 transition-all duration-300 group-hover:translate-x-0 group-hover:opacity-100"
                            >
                              <svg
                                class="text-pink-400"
                                fill="currentColor"
                                height="20"
                                stroke="currentColor"
                                stroke-width="0"
                                viewBox="0 0 24 24"
                                width="20"
                                xmlns="http://www.w3.org/2000/svg"
                              >
                                <path
                                  d="M8.72 18.78a.75.75 0 0 1 0-1.06L14.44 12 8.72 6.28a.751.751 0 0 1 .018-1.042.751.751 0 0 1 1.042-.018l6.25 6.25a.75.75 0 0 1 0 1.06l-6.25 6.25a.75.75 0 0 1-1.06 0Z"
                                />
                              </svg>
                            </div>
                          </div>
                        </a>
                      </div>
                      <div
                        class="group rounded-md p-2 hover:bg-pink-50"
                      >
                        <a
                          href="/countup"
                        >
                          <div
                            class="flex flex-row items-center"
                          >
                            <div>
                              <p
                                class="font-medium text-gray-600 transition-all duration-300 group-hover:text-pink-400"
                              >
                                Count Up
                              </p>
                              <p
                                class="text-sm"
                              >
                                count up game for steel darts
                              </p>
                            </div>
                            <div
                              class="flex flex-1 -translate-x-3 justify-end opacity-0 transition-all duration-300 group-hover:translate-x-0 group-hover:opacity-100"
                            >
                              <svg
                                class="text-pink-400"
                                fill="currentColor"
                                height="20"
                                stroke="currentColor"
                                stroke-width="0"
                                viewBox="0 0 24 24"
                                width="20"
                                xmlns="http://www.w3.org/2000/svg"
                              >
                                <path
                                  d="M8.72 18.78a.75.75 0 0 1 0-1.06L14.44 12 8.72 6.28a.751.751 0 0 1 .018-1.042.751.751 0 0 1 1.042-.018l6.25 6.25a.75.75 0 0 1 0 1.06l-6.25 6.25a.75.75 0 0 1-1.06 0Z"
                                />
                              </svg>
                            </div>
                          </div>
                        </a>
                      </div>
                    </div>
                  </section>
                </div>
              </div>
              <div>
                <div
                  aria-controls="popover-content-:r4:"
                  aria-expanded="false"
                  aria-haspopup="dialog"
                  class="p-2 text-sm font-medium text-gray-500 hover:text-gray-800"
                  id="popover-trigger-:r4:"
                >
                  <a
                    aria-label="Tools"
                    href="#"
                  >
                    Tools
                  </a>
                </div>
                <div
                  class="chakra-popover__popper css-1qq679y"
                  style="visibility: hidden; position: absolute; min-width: max-content; inset: 0 auto auto 0;"
                >
                  <section
                    class="chakra-popover__content css-r1kswd"
                    id="popover-content-:r4:"
                    role="tooltip"
                    style="transform-origin: var(--popper-transform-origin); opacity: 0; visibility: hidden; transform: scale(0.95) translateZ(0);"
                    tabindex="-1"
                  >
                    <div
                      class="max-h-[80vh] overflow-y-scroll"
                    >
                      <div
                        class="group rounded-md p-2 hover:bg-pink-50"
                      >
                        <a
                          href="/arrangerecord"
                        >
                          <div
                            class="flex flex-row items-center"
                          >
                            <div>
                              <p
                                class="font-medium text-gray-600 transition-all duration-300 group-hover:text-pink-400"
                              >
                                Arrange Record
                              </p>
                              <p
                                class="text-sm"
                              >
                                Arrange record display
                              </p>
                            </div>
                            <div
                              class="flex flex-1 -translate-x-3 justify-end opacity-0 transition-all duration-300 group-hover:translate-x-0 group-hover:opacity-100"
                            >
                              <svg
                                class="text-pink-400"
                                fill="currentColor"
                                height="20"
                                stroke="currentColor"
                                stroke-width="0"
                                viewBox="0 0 24 24"
                                width="20"
                                xmlns="http://www.w3.org/2000/svg"
                              >
                                <path
                                  d="M8.72 18.78a.75.75 0 0 1 0-1.06L14.44 12 8.72 6.28a.751.751 0 0 1 .018-1.042.751.751 0 0 1 1.042-.018l6.25 6.25a.75.75 0 0 1 0 1.06l-6.25 6.25a.75.75 0 0 1-1.06 0Z"
                                />
                              </svg>
                            </div>
                          </div>
                        </a>
                      </div>
                    </div>
                  </section>
                </div>
              </div>
              <div>
                <div
                  aria-controls="popover-content-:r6:"
                  aria-expanded="false"
                  aria-haspopup="dialog"
                  class="p-2 text-sm font-medium text-gray-500 hover:text-gray-800"
                  id="popover-trigger-:r6:"
                >
                  <a
                    aria-label="Respect"
                    href="/respect"
                  >
                    Respect
                  </a>
                </div>
              </div>
              <div>
                <div
                  aria-controls="popover-content-:r8:"
                  aria-expanded="false"
                  aria-haspopup="dialog"
                  class="p-2 text-sm font-medium text-gray-500 hover:text-gray-800"
                  id="popover-trigger-:r8:"
                >
                  <a
                    aria-label="History"
                    href="/history"
                  >
                    History
                  </a>
                </div>
              </div>
            </div>
          </div>
          <div
            class="flex-1"
          />
          <div
            class="flex items-center gap-2"
          >
            <button
              aria-controls="popover-content-:ra:"
              aria-expanded="false"
              aria-haspopup="dialog"
              aria-label="change language"
              class="chakra-button css-15bt6gt"
              id="popover-trigger-:ra:"
              type="button"
            >
              <svg
                aria-hidden="true"
                fill="currentColor"
                focusable="false"
                height="1em"
                stroke="currentColor"
                stroke-width="0"
                viewBox="0 0 512 512"
                width="1em"
                xmlns="http://www.w3.org/2000/svg"
              >
                <path
                  d="m478.33 433.6-90-218a22 22 0 0 0-40.67 0l-90 218a22 22 0 1 0 40.67 16.79L316.66 406h102.67l18.33 44.39A22 22 0 0 0 458 464a22 22 0 0 0 20.32-30.4zM334.83 362 368 281.65 401.17 362zm-66.99-19.08a22 22 0 0 0-4.89-30.7c-.2-.15-15-11.13-36.49-34.73 39.65-53.68 62.11-114.75 71.27-143.49H330a22 22 0 0 0 0-44H214V70a22 22 0 0 0-44 0v20H54a22 22 0 0 0 0 44h197.25c-9.52 26.95-27.05 69.5-53.79 108.36-31.41-41.68-43.08-68.65-43.17-68.87a22 22 0 0 0-40.58 17c.58 1.38 14.55 34.23 52.86 83.93.92 1.19 1.83 2.35 2.74 3.51-39.24 44.35-77.74 71.86-93.85 80.74a22 22 0 1 0 21.07 38.63c2.16-1.18 48.6-26.89 101.63-85.59 22.52 24.08 38 35.44 38.93 36.1a22 22 0 0 0 30.75-4.9z"
                />
              </svg>
            </button>
            <div
              class="chakra-popover__popper css-1qq679y"
              style="visibility: hidden; position: absolute; min-width: max-content; inset: 0 auto auto 0;"
            >
              <section
                class="chakra-popover__content css-sjj62m"
                id="popover-content-:ra:"
                role="dialog"
                style="transform-origin: var(--popper-transform-origin); opacity: 0; visibility: hidden; transform: scale(0.95) translateZ(0);"
                tabindex="-1"
              >
                <a
                  href="/"
                >
                  <div
                    class="group block rounded-md p-2 hover:bg-pink-50"
                  >
                    <span
                      class="group-hover:text-pink-400 group-hover:transition-all group-hover:duration-150 group-hover:ease-linear"
                    >
                      日本語
                    </span>
                  </div>
                </a>
                <a
                  href="/"
                >
                  <div
                    class="group block rounded-md p-2 hover:bg-pink-50"
                  >
                    <span
                      class="group-hover:text-pink-400 group-hover:transition-all group-hover:duration-150 group-hover:ease-linear"
                    >
                      English
                    </span>
                  </div>
                </a>
              </section>
            </div>
            <button
              aria-controls="popover-content-:rc:"
              aria-expanded="false"
              aria-haspopup="dialog"
              class="chakra-button css-1840noo"
              id="popover-trigger-:rc:"
              type="button"
            >
              Login
            </button>
            <div
              class="chakra-popover__popper css-1qq679y"
              style="visibility: hidden; position: absolute; min-width: max-content; inset: 0 auto auto 0;"
            >
              <section
                aria-describedby="popover-body-:rc:"
                aria-labelledby="popover-header-:rc:"
                class="chakra-popover__content css-sjj62m"
                id="popover-content-:rc:"
                role="dialog"
                style="transform-origin: var(--popper-transform-origin); opacity: 0; visibility: hidden; transform: scale(0.95) translateZ(0);"
                tabindex="-1"
              >
                <header
                  class="chakra-popover__header css-gdvycv"
                  id="popover-header-:rc:"
                >
                  Login
                </header>
                <div
                  class="chakra-popover__arrow-positioner css-0"
                  data-popper-arrow=""
                  style="position: absolute;"
                >
                  <div
                    class="chakra-popover__arrow css-0"
                    data-popper-arrow-inner=""
                  />
                </div>
                <button
                  aria-label="Close"
                  class="chakra-popover__close-btn css-1o8qips"
                  type="button"
                >
                  <svg
                    aria-hidden="true"
                    class="chakra-icon css-onkibi"
                    focusable="false"
                    viewBox="0 0 24 24"
                  >
                    <path
                      d="M.439,21.44a1.5,1.5,0,0,0,2.122,2.121L11.823,14.3a.25.25,0,0,1,.354,0l9.262,9.263a1.5,1.5,0,1,0,2.122-2.121L14.3,12.177a.25.25,0,0,1,0-.354l9.263-9.262A1.5,1.5,0,0,0,21.439.44L12.177,9.7a.25.25,0,0,1-.354,0L2.561.44A1.5,1.5,0,0,0,.439,2.561L9.7,11.823a.25.25,0,0,1,0,.354Z"
                      fill="currentColor"
                    />
                  </svg>
                </button>
                <div
                  class="chakra-popover__body css-1ews2c8"
                  id="popover-body-:rc:"
                >
                  <div
                    class="css-1l4w6pd"
                  >
                    <button
                      style="display: block; border: 0px; border-radius: 3px; box-shadow: rgba(0, 0, 0, 0.5) 0 1px 2px; color: black; cursor: pointer; font-size: 19px; margin: 5px; width: calc(100% - 10px); overflow: hidden; padding: 0px 10px; user-select: none; height: 50px; background: white;"
                      type="button"
                    >
                      <div
                        style="align-items: center; display: flex; height: 100%;"
                      >
                        <div
                          style="display: flex; justify-content: center; min-width: 26px;"
                        >
                          <svg
                            height="26px"
                            viewBox="0 0 64 64"
                            width="26px"
                            xmlns="http://www.w3.org/2000/svg"
                          >
                            <lineargradient
                              gradientTransform="matrix(1 0 0 -1 0 66)"
                              gradientUnits="userSpaceOnUse"
                              id="95yY7w43Oj6n2vH63j6HJb"
                              x1="29.401"
                              x2="29.401"
                              y1="4.064"
                              y2="106.734"
                            >
                              <stop
                                offset="0"
                                stop-color="#ff5840"
                              />
                              <stop
                                offset=".007"
                                stop-color="#ff5840"
                              />
                              <stop
                                offset=".989"
                                stop-color="#fa528c"
                              />
                              <stop
                                offset="1"
                                stop-color="#fa528c"
                              />
                            </lineargradient>
                            <path
                              d="M47.46,15.5l-1.37,1.48c-1.34,1.44-3.5,1.67-5.15,0.6c-2.71-1.75-6.43-3.13-11-2.37	c-4.94,0.83-9.17,3.85-11.64,
        7.97l-8.03-6.08C14.99,9.82,23.2,5,32.5,5c5,0,9.94,1.56,14.27,4.46	C48.81,10.83,49.13,13.71,47.46,15.5z"
                              fill="url(#95yY7w43Oj6n2vH63j6HJb)"
                            />
                            <lineargradient
                              gradientTransform="matrix(1 0 0 -1 0 66)"
                              gradientUnits="userSpaceOnUse"
                              id="95yY7w43Oj6n2vH63j6HJc"
                              x1="12.148"
                              x2="12.148"
                              y1=".872"
                              y2="47.812"
                            >
                              <stop
                                offset="0"
                                stop-color="#feaa53"
                              />
                              <stop
                                offset=".612"
                                stop-color="#ffcd49"
                              />
                              <stop
                                offset="1"
                                stop-color="#ffde44"
                              />
                            </lineargradient>
                            <path
                              d="M16.01,30.91c-0.09,2.47,0.37,4.83,1.27,6.96l-8.21,6.05c-1.35-2.51-2.3-5.28-2.75-8.22	c-1.06-6.88,0.54-13.38,
        3.95-18.6l8.03,6.08C16.93,25.47,16.1,28.11,16.01,30.91z"
                              fill="url(#95yY7w43Oj6n2vH63j6HJc)"
                            />
                            <lineargradient
                              gradientTransform="matrix(1 0 0 -1 0 66)"
                              gradientUnits="userSpaceOnUse"
                              id="95yY7w43Oj6n2vH63j6HJd"
                              x1="29.76"
                              x2="29.76"
                              y1="32.149"
                              y2="-6.939"
                            >
                              <stop
                                offset="0"
                                stop-color="#42d778"
                              />
                              <stop
                                offset=".428"
                                stop-color="#3dca76"
                              />
                              <stop
                                offset="1"
                                stop-color="#34b171"
                              />
                            </lineargradient>
                            <path
                              d="M50.45,51.28c-4.55,4.07-10.61,6.57-17.36,6.71C22.91,58.2,13.66,52.53,9.07,43.92l8.21-6.05	C19.78,43.81,
        25.67,48,32.5,48c3.94,0,7.52-1.28,10.33-3.44L50.45,51.28z"
                              fill="url(#95yY7w43Oj6n2vH63j6HJd)"
                            />
                            <lineargradient
                              gradientTransform="matrix(1 0 0 -1 0 66)"
                              gradientUnits="userSpaceOnUse"
                              id="95yY7w43Oj6n2vH63j6HJe"
                              x1="46"
                              x2="46"
                              y1="3.638"
                              y2="35.593"
                            >
                              <stop
                                offset="0"
                                stop-color="#155cde"
                              />
                              <stop
                                offset=".278"
                                stop-color="#1f7fe5"
                              />
                              <stop
                                offset=".569"
                                stop-color="#279ceb"
                              />
                              <stop
                                offset=".82"
                                stop-color="#2cafef"
                              />
                              <stop
                                offset="1"
                                stop-color="#2eb5f0"
                              />
                            </lineargradient>
                            <path
                              d="M59,31.97c0.01,7.73-3.26,14.58-8.55,19.31l-7.62-6.72c2.1-1.61,3.77-3.71,4.84-6.15
        c0.29-0.66-0.2-1.41-0.92-1.41H37c-2.21,0-4-1.79-4-4v-2c0-2.21,1.79-4,4-4h17C56.75,27,59,29.22,59,31.97z"
                              fill="url(#95yY7w43Oj6n2vH63j6HJe)"
                            />
                          </svg>
                        </div>
                        <div
                          style="width: 10px;"
                        />
                        <div
                          style="text-align: left; width: 100%;"
                        >
                          Log in with Google
                        </div>
                      </div>
                    </button>
                  </div>
                </div>
              </section>
            </div>
          </div>
        </div>
      </div>
      <div
        class="chakra-collapse"
        style="overflow: hidden; display: none; opacity: 0; height: 0px;"
      >
        <div
          class="bg-white p-4"
        >
          <div>
            <a
              href="#"
            >
              <div
                class="flex flex-row items-center justify-between p-2"
              >
                <span
                  class="font-medium text-gray-600"
                >
                  Games
                </span>
                <svg
                  class=" transition-all duration-200 ease-in-out"
                  fill="currentColor"
                  height="20"
                  stroke="currentColor"
                  stroke-width="0"
                  viewBox="0 0 24 24"
                  width="20"
                  xmlns="http://www.w3.org/2000/svg"
                >
                  <path
                    d="M5.22 8.22a.749.749 0 0 0 0 1.06l6.25 6.25a.749.749 0 0 0 1.06 0l6.25-6.25a.749.749 0 1 0-1.06-1.06L12 13.939 6.28 8.22a.749.749 0 0 0-1.06 0Z"
                  />
                </svg>
              </div>
            </a>
            <div
              class="chakra-collapse"
              style="overflow: hidden; display: none; opacity: 0; height: 0px;"
            >
              <div
                class="mt-2 border-l-2 border-gray-200 pl-4 text-start"
              >
                <a
                  href="/eagleseye"
                >
                  <div
                    class="py-3"
                  >
                    Eagle's Eye
                  </div>
                </a>
                <a
                  href="/cricketmarkup"
                >
                  <div
                    class="py-3"
                  >
                    Cricket Mark-Up
                  </div>
                </a>
                <a
                  href="/doubletrouble"
                >
                  <div
                    class="py-3"
                  >
                    Double Trouble
                  </div>
                </a>
                <a
                  href="/sweet16"
                >
                  <div
                    class="py-3"
                  >
                    Sweet 16
                  </div>
                </a>
                <a
                  href="/topsandtens"
                >
                  <div
                    class="py-3"
                  >
                    Tops and Tens
                  </div>
                </a>
                <a
                  href="/twodartcombinations"
                >
                  <div
                    class="py-3"
                  >
                    Two-Dart Combinations
                  </div>
                </a>
                <a
                  href="/aroundthecompass"
                >
                  <div
                    class="py-3"
                  >
                    Around The Compass
                  </div>
                </a>
                <a
                  href="/tonsup"
                >
                  <div
                    class="py-3"
                  >
                    Tons Up
                  </div>
                </a>
                <a
                  href="/route64"
                >
                  <div
                    class="py-3"
                  >
                    Route 64
                  </div>
                </a>
                <a
                  href="/eightythrew"
                >
                  <div
                    class="py-3"
                  >
                    Eighty Threw
                  </div>
                </a>
                <a
                  href="/shanghainights"
                >
                  <div
                    class="py-3"
                  >
                    Shanghai Nights
                  </div>
                </a>
                <a
                  href="/switchhitter"
                >
                  <div
                    class="py-3"
                  >
                    Switch Hitter
                  </div>
                </a>
                <a
                  href="/bullybully"
                >
                  <div
                    class="py-3"
                  >
                    Bully Bully
                  </div>
                </a>
                <a
                  href="/treblesforshow"
                >
                  <div
                    class="py-3"
                  >
                    Treble For Show
                  </div>
                </a>
                <a
                  href="/arrange"
                >
                  <div
                    class="py-3"
                  >
                    Arrange
                  </div>
                </a>
                <a
                  href="/countup"
                >
                  <div
                    class="py-3"
                  >
                    Count Up
                  </div>
                </a>
              </div>
            </div>
          </div>
          <div>
            <a
              href="#"
            >
              <div
                class="flex flex-row items-center justify-between p-2"
              >
                <span
                  class="font-medium text-gray-600"
                >
                  Tools
                </span>
                <svg
                  class=" transition-all duration-200 ease-in-out"
                  fill="currentColor"
                  height="20"
                  stroke="currentColor"
                  stroke-width="0"
                  viewBox="0 0 24 24"
                  width="20"
                  xmlns="http://www.w3.org/2000/svg"
                >
                  <path
                    d="M5.22 8.22a.749.749 0 0 0 0 1.06l6.25 6.25a.749.749 0 0 0 1.06 0l6.25-6.25a.749.749 0 1 0-1.06-1.06L12 13.939 6.28 8.22a.749.749 0 0 0-1.06 0Z"
                  />
                </svg>
              </div>
            </a>
            <div
              class="chakra-collapse"
              style="overflow: hidden; display: none; opacity: 0; height: 0px;"
            >
              <div
                class="mt-2 border-l-2 border-gray-200 pl-4 text-start"
              >
                <a
                  href="/arrangerecord"
                >
                  <div
                    class="py-3"
                  >
                    Arrange Record
                  </div>
                </a>
              </div>
            </div>
          </div>
          <div>
            <a
              href="/respect"
            >
              <div
                class="flex flex-row items-center justify-between p-2"
              >
                <span
                  class="font-medium text-gray-600"
                >
                  Respect
                </span>
              </div>
            </a>
            <div
              class="chakra-collapse"
              style="overflow: hidden; display: none; opacity: 0; height: 0px;"
            >
              <div
                class="mt-2 border-l-2 border-gray-200 pl-4 text-start"
              />
            </div>
          </div>
          <div>
            <a
              href="/history"
            >
              <div
                class="flex flex-row items-center justify-between p-2"
              >
                <span
                  class="font-medium text-gray-600"
                >
                  History
                </span>
              </div>
            </a>
            <div
              class="chakra-collapse"
              style="overflow: hidden; display: none; opacity: 0; height: 0px;"
            >
              <div
                class="mt-2 border-l-2 border-gray-200 pl-4 text-start"
              />
            </div>
          </div>
        </div>
      </div>
    </header>
    <div
      class="hidden pt-[60px] md:block"
    />
    <div
      class="css-18mp148"
    >
      <div
        class="chakra-collapse"
        style="overflow: hidden; display: none; opacity: 0; height: 0px;"
      >
        <div
          class="chakra-alert css-1rddp0n"
          data-status="error"
          role="alert"
        >
          <div
            class="css-k008qs"
          >
            <span
              class="chakra-alert__icon css-14ogjxt"
              data-status="error"
            >
              <svg
                class="chakra-icon css-qk6lof"
                focusable="false"
                viewBox="0 0 24 24"
              >
                <path
                  d="M11.983,0a12.206,12.206,0,0,0-8.51,3.653A11.8,11.8,0,0,0,0,12.207,11.779,11.779,0,0,0,11.8,24h.214A12.111,12.111,0,0,0,24,11.791h0A11.766,11.766,0,0,0,11.983,0ZM10.5,16.542a1.476,1.476,0,0,1,1.449-1.53h.027a1.527,1.527,0,0,1,1.523,1.47,1.475,1.475,0,0,1-1.449,1.53h-.027A1.529,1.529,0,0,1,10.5,16.542ZM11,12.5v-6a1,1,0,0,1,2,0v6a1,1,0,1,1-2,0Z"
                  fill="currentColor"
                />
              </svg>
            </span>
            <div
              class="chakra-alert__title css-tidvy5"
              data-status="error"
            >
              Invalid Import File.
            </div>
            <div
              class="chakra-alert__desc css-zzks76"
              data-status="error"
            >
              Your import file is invalid. Please check the import file.
            </div>
          </div>
          <button
            aria-label="Close"
            class="css-1upqc8t"
            type="button"
          >
            <svg
              aria-hidden="true"
              class="chakra-icon css-onkibi"
              focusable="false"
              viewBox="0 0 24 24"
            >
              <path
                d="M.439,21.44a1.5,1.5,0,0,0,2.122,2.121L11.823,14.3a.25.25,0,0,1,.354,0l9.262,9.263a1.5,1.5,0,1,0,2.122-2.121L14.3,12.177a.25.25,0,0,1,0-.354l9.263-9.262A1.5,1.5,0,0,0,21.439.44L12.177,9.7a.25.25,0,0,1-.354,0L2.561.44A1.5,1.5,0,0,0,.439,2.561L9.7,11.823a.25.25,0,0,1,0,.354Z"
                fill="currentColor"
              />
            </svg>
          </button>
        </div>
      </div>
      <div
        class="css-1m0mzue"
      >
        <h2
          class="chakra-heading css-h9sihg"
        >
          History
        </h2>
        <div
          class="css-1azotaz"
        >
          <input
            accept=".json"
            hidden=""
            type="file"
          />
          <button
            aria-label="import"
            class="chakra-button css-4l303d"
            type="button"
          >
            <span
              class="chakra-button__icon css-1wh2kri"
            >
              <svg
                aria-hidden="true"
                fill="currentColor"
                focusable="false"
                height="1em"
                stroke="currentColor"
                stroke-width="0"
                viewBox="0 0 24 24"
                width="1em"
                xmlns="http://www.w3.org/2000/svg"
              >
                <path
                  d="m12 18 4-5h-3V2h-2v11H8z"
                />
                <path
                  d="M19 9h-4v2h4v9H5v-9h4V9H5c-1.103 0-2 .897-2 2v9c0 1.103.897 2 2 2h14c1.103 0 2-.897 2-2v-9c0-1.103-.897-2-2-2z"
                />
              </svg>
            </span>
            Import
          </button>
          <button
            aria-label="export"
            class="chakra-button css-1k21iee"
            type="button"
          >
            <span
              class="chakra-button__icon css-1wh2kri"
            >
              <svg
                aria-hidden="true"
                fill="currentColor"
                focusable="false"
                height="1em"
                stroke="currentColor"
                stroke-width="0"
                viewBox="0 0 24 24"
                width="1em"
                xmlns="http://www.w3.org/2000/svg"
              >
                <path
                  d="M11 16h2V7h3l-4-5-4 5h3z"
                />
                <path
                  d="M5 22h14c1.103 0 2-.897 2-2v-9c0-1.103-.897-2-2-2h-4v2h4v9H5v-9h4V9H5c-1.103 0-2 .897-2 2v9c0 1.103.897 2 2 2z"
                />
              </svg>
            </span>
            Export
          </button>
        </div>
      </div>
      <div
        class="chakra-tabs css-1xpribl"
      >
        <div
          aria-orientation="horizontal"
          class="chakra-tabs__tablist css-1gazstw"
          role="tablist"
        >
          <button
            aria-controls="tabs-:rq:--tabpanel-0"
            aria-disabled="false"
            aria-label="arrange"
            aria-selected="true"
            class="chakra-tabs__tab css-52dxnr"
            data-index="0"
            id="tabs-:rq:--tab-0"
            role="tab"
            tabindex="0"
            type="button"
          >
            Arrange
          </button>
          <button
            aria-controls="tabs-:rq:--tabpanel-1"
            aria-disabled="false"
            aria-label="cricket mark up"
            aria-selected="false"
            class="chakra-tabs__tab css-52dxnr"
            data-index="1"
            id="tabs-:rq:--tab-1"
            role="tab"
            tabindex="-1"
            type="button"
          >
            Cricket Mark-Up
          </button>
          <button
            aria-controls="tabs-:rq:--tabpanel-2"
            aria-disabled="false"
            aria-label="eagle's eye"
            aria-selected="false"
            class="chakra-tabs__tab css-52dxnr"
            data-index="2"
            id="tabs-:rq:--tab-2"
            role="tab"
            tabindex="-1"
            type="button"
          >
            Eagle's Eye
          </button>
          <button
            aria-controls="tabs-:rq:--tabpanel-3"
            aria-disabled="false"
            aria-label="double trouble"
            aria-selected="false"
            class="chakra-tabs__tab css-52dxnr"
            data-index="3"
            id="tabs-:rq:--tab-3"
            role="tab"
            tabindex="-1"
            type="button"
          >
            Double Trouble
          </button>
          <button
            aria-controls="tabs-:rq:--tabpanel-4"
            aria-disabled="false"
            aria-label="sweet 16"
            aria-selected="false"
            class="chakra-tabs__tab css-52dxnr"
            data-index="4"
            id="tabs-:rq:--tab-4"
            role="tab"
            tabindex="-1"
            type="button"
          >
            Sweet 16
          </button>
          <button
            aria-controls="tabs-:rq:--tabpanel-5"
            aria-disabled="false"
            aria-label="tops and tens"
            aria-selected="false"
            class="chakra-tabs__tab css-52dxnr"
            data-index="5"
            id="tabs-:rq:--tab-5"
            role="tab"
            tabindex="-1"
            type="button"
          >
            Tops and Tens
          </button>
          <button
            aria-controls="tabs-:rq:--tabpanel-6"
            aria-disabled="false"
            aria-label="two dart combinations"
            aria-selected="false"
            class="chakra-tabs__tab css-52dxnr"
            data-index="6"
            id="tabs-:rq:--tab-6"
            role="tab"
            tabindex="-1"
            type="button"
          >
            Two-Dart Combinations
          </button>
          <button
            aria-controls="tabs-:rq:--tabpanel-7"
            aria-disabled="false"
            aria-label="around the compass"
            aria-selected="false"
            class="chakra-tabs__tab css-52dxnr"
            data-index="7"
            id="tabs-:rq:--tab-7"
            role="tab"
            tabindex="-1"
            type="button"
          >
            Around The Compass
          </button>
          <button
            aria-controls="tabs-:rq:--tabpanel-8"
            aria-disabled="false"
            aria-label="tons up"
            aria-selected="false"
            class="chakra-tabs__tab css-52dxnr"
            data-index="8"
            id="tabs-:rq:--tab-8"
            role="tab"
            tabindex="-1"
            type="button"
          >
            Tons Up
          </button>
          <button
            aria-controls="tabs-:rq:--tabpanel-9"
            aria-disabled="false"
            aria-label="route 64"
            aria-selected="false"
            class="chakra-tabs__tab css-52dxnr"
            data-index="9"
            id="tabs-:rq:--tab-9"
            role="tab"
            tabindex="-1"
            type="button"
          >
            Route 64
          </button>
          <button
            aria-controls="tabs-:rq:--tabpanel-10"
            aria-disabled="false"
            aria-label="eighty threw"
            aria-selected="false"
            class="chakra-tabs__tab css-52dxnr"
            data-index="10"
            id="tabs-:rq:--tab-10"
            role="tab"
            tabindex="-1"
            type="button"
          >
            Eighty Threw
          </button>
          <button
            aria-controls="tabs-:rq:--tabpanel-11"
            aria-disabled="false"
            aria-label="shanghai nights"
            aria-selected="false"
            class="chakra-tabs__tab css-52dxnr"
            data-index="11"
            id="tabs-:rq:--tab-11"
            role="tab"
            tabindex="-1"
            type="button"
          >
            Shanghai Nights
          </button>
          <button
            aria-controls="tabs-:rq:--tabpanel-12"
            aria-disabled="false"
            aria-label="switch hitter"
            aria-selected="false"
            class="chakra-tabs__tab css-52dxnr"
            data-index="12"
            id="tabs-:rq:--tab-12"
            role="tab"
            tabindex="-1"
            type="button"
          >
            Switch Hitter
          </button>
          <button
            aria-controls="tabs-:rq:--tabpanel-13"
            aria-disabled="false"
            aria-label="bully bully"
            aria-selected="false"
            class="chakra-tabs__tab css-52dxnr"
            data-index="13"
            id="tabs-:rq:--tab-13"
            role="tab"
            tabindex="-1"
            type="button"
          >
            Bully Bully
          </button>
          <button
            aria-controls="tabs-:rq:--tabpanel-14"
            aria-disabled="false"
            aria-label="trebles for show"
            aria-selected="false"
            class="chakra-tabs__tab css-52dxnr"
            data-index="14"
            id="tabs-:rq:--tab-14"
            role="tab"
            tabindex="-1"
            type="button"
          >
            Trebles For Show
          </button>
          <button
            aria-controls="tabs-:rq:--tabpanel-15"
            aria-disabled="false"
            aria-label="count up"
            aria-selected="false"
            class="chakra-tabs__tab css-52dxnr"
            data-index="15"
            id="tabs-:rq:--tab-15"
            role="tab"
            tabindex="-1"
            type="button"
          >
            Count Up
          </button>
        </div>
        <div
          class="chakra-tabs__tab-panels css-8atqhb"
        >
          <div
            aria-label="arrange history"
            aria-labelledby="tabs-:rq:--tab-0"
            class="chakra-tabs__tab-panel css-a5mhaz"
            id="tabs-:rq:--tabpanel-0"
            role="tabpanel"
            tabindex="0"
          >
            <div
              class="flex flex-col gap-8"
            >
              <div
                class="flex flex-col gap-2"
              >
                <div>
                  <span
                    class="text-sm font-bold text-gray-500"
                  >
                    out options
                  </span>
                  <div
                    class="flex"
                  >
                    <div>
                      <input
                        aria-label="single out"
                        checked=""
                        class="peer hidden"
                        id="radio-single"
                        name="option-single-double-master"
                        type="radio"
                      />
                      <label
                        class="cursor-pointer select-none bg-gray-100 px-4 py-1 text-sm no-tap-highlighting peer-checked:bg-blue-500 peer-checked:text-white peer-disabled:opacity-60 md:text-base rounded-l-md"
                        for="radio-single"
                      >
                        Single Out
                      </label>
                    </div>
                    <div>
                      <input
                        aria-label="double out"
                        class="peer hidden"
                        id="radio-double"
                        name="option-single-double-master"
                        type="radio"
                      />
                      <label
                        class="cursor-pointer select-none bg-gray-100 px-4 py-1 text-sm no-tap-highlighting peer-checked:bg-blue-500 peer-checked:text-white peer-disabled:opacity-60 md:text-base "
                        for="radio-double"
                      >
                        Double Out
                      </label>
                    </div>
                    <div>
                      <input
                        aria-label="master out"
                        class="peer hidden"
                        id="radio-master"
                        name="option-single-double-master"
                        type="radio"
                      />
                      <label
                        class="cursor-pointer select-none bg-gray-100 px-4 py-1 text-sm no-tap-highlighting peer-checked:bg-blue-500 peer-checked:text-white peer-disabled:opacity-60 md:text-base rounded-r-md"
                        for="radio-master"
                      >
                        Master Out
                      </label>
                    </div>
                  </div>
                </div>
                <div>
                  <span
                    class="text-sm font-bold text-gray-500"
                  >
                    bull options
                  </span>
                  <div
                    class="flex"
                  >
                    <div>
                      <input
                        aria-label="fat bull"
                        checked=""
                        class="peer hidden"
                        id="radio-fat"
                        name="option-fat-separate"
                        type="radio"
                      />
                      <label
                        class="cursor-pointer select-none bg-gray-100 px-4 py-1 text-sm no-tap-highlighting peer-checked:bg-blue-500 peer-checked:text-white peer-disabled:opacity-60 md:text-base rounded-l-md"
                        for="radio-fat"
                      >
                        Fat Bull
                      </label>
                    </div>
                    <div>
                      <input
                        aria-label="separate bull"
                        class="peer hidden"
                        id="radio-separate"
                        name="option-fat-separate"
                        type="radio"
                      />
                      <label
                        class="cursor-pointer select-none bg-gray-100 px-4 py-1 text-sm no-tap-highlighting peer-checked:bg-blue-500 peer-checked:text-white peer-disabled:opacity-60 md:text-base rounded-r-md"
                        for="radio-separate"
                      >
                        Separate Bull
                      </label>
                    </div>
                  </div>
                </div>
                <select
                  class="block w-full rounded-lg border border-gray-300 bg-gray-50 p-1 text-sm text-gray-900 focus:border-blue-500 focus:ring-blue-500"
                />
                <div
                  class="flex justify-center overflow-x-scroll"
                >
                  <table
                    class="w-full"
                  >
                    <tbody />
                  </table>
                </div>
              </div>
              <div
                aria-label="game history"
              >
                <h3
                  class="mb-2 text-sm font-bold md:text-base"
                >
                  Game History
                </h3>
                <div
                  class="flex justify-center overflow-x-scroll"
                >
                  <table
                    class="w-full table-fixed"
                  >
                    <tbody />
                  </table>
                </div>
              </div>
            </div>
          </div>
          <div
            aria-label="cricket mark up history"
            aria-labelledby="tabs-:rq:--tab-1"
            class="chakra-tabs__tab-panel css-a5mhaz"
            hidden=""
            id="tabs-:rq:--tabpanel-1"
            role="tabpanel"
            tabindex="0"
          >
            <div
              class="chakra-table__container css-zipzvv"
            >
              <table
                class="chakra-table css-5605sr"
              >
                <tbody
                  class="css-0"
                />
              </table>
            </div>
          </div>
          <div
            aria-label="eagle's eye history"
            aria-labelledby="tabs-:rq:--tab-2"
            class="chakra-tabs__tab-panel css-a5mhaz"
            hidden=""
            id="tabs-:rq:--tabpanel-2"
            role="tabpanel"
            tabindex="0"
          >
            <div
              class="chakra-table__container css-zipzvv"
            >
              <table
                class="chakra-table css-5605sr"
              >
                <tbody
                  class="css-0"
                />
              </table>
            </div>
          </div>
          <div
            aria-label="double trouble history"
            aria-labelledby="tabs-:rq:--tab-3"
            class="chakra-tabs__tab-panel css-a5mhaz"
            hidden=""
            id="tabs-:rq:--tabpanel-3"
            role="tabpanel"
            tabindex="0"
          >
            <div
              class="chakra-table__container css-zipzvv"
            >
              <table
                class="chakra-table css-5605sr"
              >
                <tbody
                  class="css-0"
                />
              </table>
            </div>
          </div>
          <div
            aria-label="sweet 16 history"
            aria-labelledby="tabs-:rq:--tab-4"
            class="chakra-tabs__tab-panel css-a5mhaz"
            hidden=""
            id="tabs-:rq:--tabpanel-4"
            role="tabpanel"
            tabindex="0"
          >
            <div
              class="chakra-table__container css-zipzvv"
            >
              <table
                class="chakra-table css-5605sr"
              >
                <tbody
                  class="css-0"
                />
              </table>
            </div>
          </div>
          <div
            aria-label="tops and tens history"
            aria-labelledby="tabs-:rq:--tab-5"
            class="chakra-tabs__tab-panel css-a5mhaz"
            hidden=""
            id="tabs-:rq:--tabpanel-5"
            role="tabpanel"
            tabindex="0"
          >
            <div
              class="chakra-table__container css-zipzvv"
            >
              <table
                class="chakra-table css-5605sr"
              >
                <tbody
                  class="css-0"
                />
              </table>
            </div>
          </div>
          <div
            aria-label="two dart combinations history"
            aria-labelledby="tabs-:rq:--tab-6"
            class="chakra-tabs__tab-panel css-a5mhaz"
            hidden=""
            id="tabs-:rq:--tabpanel-6"
            role="tabpanel"
            tabindex="0"
          >
            <div
              class="chakra-table__container css-zipzvv"
            >
              <table
                class="chakra-table css-5605sr"
              >
                <tbody
                  class="css-0"
                />
              </table>
            </div>
          </div>
          <div
            aria-label="around the compass history"
            aria-labelledby="tabs-:rq:--tab-7"
            class="chakra-tabs__tab-panel css-a5mhaz"
            hidden=""
            id="tabs-:rq:--tabpanel-7"
            role="tabpanel"
            tabindex="0"
          >
            <div>
              <table
                class="w-full table-fixed"
              >
                <tbody />
              </table>
            </div>
          </div>
          <div
            aria-label="tons up history"
            aria-labelledby="tabs-:rq:--tab-8"
            class="chakra-tabs__tab-panel css-a5mhaz"
            hidden=""
            id="tabs-:rq:--tabpanel-8"
            role="tabpanel"
            tabindex="0"
          >
            <div
              class="chakra-table__container css-zipzvv"
            >
              <table
                class="chakra-table css-5605sr"
              >
                <tbody
                  class="css-0"
                />
              </table>
            </div>
          </div>
          <div
            aria-label="route 64 history"
            aria-labelledby="tabs-:rq:--tab-9"
            class="chakra-tabs__tab-panel css-a5mhaz"
            hidden=""
            id="tabs-:rq:--tabpanel-9"
            role="tabpanel"
            tabindex="0"
          >
            <div
              class="chakra-table__container css-zipzvv"
            >
              <table
                class="chakra-table css-5605sr"
              >
                <tbody
                  class="css-0"
                />
              </table>
            </div>
          </div>
          <div
            aria-label="eighty threw history"
            aria-labelledby="tabs-:rq:--tab-10"
            class="chakra-tabs__tab-panel css-a5mhaz"
            hidden=""
            id="tabs-:rq:--tabpanel-10"
            role="tabpanel"
            tabindex="0"
          >
            <div
              class="chakra-table__container css-zipzvv"
            >
              <table
                class="chakra-table css-5605sr"
              >
                <tbody
                  class="css-0"
                />
              </table>
            </div>
          </div>
          <div
            aria-label="shanghai nights history"
            aria-labelledby="tabs-:rq:--tab-11"
            class="chakra-tabs__tab-panel css-a5mhaz"
            hidden=""
            id="tabs-:rq:--tabpanel-11"
            role="tabpanel"
            tabindex="0"
          >
            <div
              class="chakra-table__container css-zipzvv"
            >
              <table
                class="chakra-table css-5605sr"
              >
                <tbody
                  class="css-0"
                />
              </table>
            </div>
          </div>
          <div
            aria-label="switch hitter history"
            aria-labelledby="tabs-:rq:--tab-12"
            class="chakra-tabs__tab-panel css-a5mhaz"
            hidden=""
            id="tabs-:rq:--tabpanel-12"
            role="tabpanel"
            tabindex="0"
          >
            <div
              class="chakra-table__container css-zipzvv"
            >
              <table
                class="chakra-table css-5605sr"
              >
                <tbody
                  class="css-0"
                />
              </table>
            </div>
          </div>
          <div
            aria-label="bully bully history"
            aria-labelledby="tabs-:rq:--tab-13"
            class="chakra-tabs__tab-panel css-a5mhaz"
            hidden=""
            id="tabs-:rq:--tabpanel-13"
            role="tabpanel"
            tabindex="0"
          >
            <div
              class="chakra-table__container css-zipzvv"
            >
              <table
                class="chakra-table css-5605sr"
              >
                <tbody
                  class="css-0"
                />
              </table>
            </div>
          </div>
          <div
            aria-label="trebles for show history"
            aria-labelledby="tabs-:rq:--tab-14"
            class="chakra-tabs__tab-panel css-a5mhaz"
            hidden=""
            id="tabs-:rq:--tabpanel-14"
            role="tabpanel"
            tabindex="0"
          >
            <div
              class="chakra-table__container css-zipzvv"
            >
              <table
                class="chakra-table css-5605sr"
              >
                <tbody
                  class="css-0"
                />
              </table>
            </div>
          </div>
          <div
            aria-label="count up history"
            aria-labelledby="tabs-:rq:--tab-15"
            class="chakra-tabs__tab-panel css-a5mhaz"
            hidden=""
            id="tabs-:rq:--tabpanel-15"
            role="tabpanel"
            tabindex="0"
          >
            <div
              class="chakra-table__container css-zipzvv"
            >
              <table
                class="chakra-table css-5605sr"
              >
                <tbody
                  class="css-0"
                />
              </table>
            </div>
          </div>
        </div>
      </div>
    </div>
    <div
      class="absolute bottom-0 -mb-80 h-80 w-full bg-gray-700 md:-mb-52 md:h-52"
    >
      <div
        class="mt-2 flex flex-col items-center md:mt-4 md:gap-4"
      >
        <div
          class="flex flex-1 flex-col justify-center gap-6 p-4 md:flex-row md:gap-8"
        >
          <div
            class="flex flex-col gap-2 md:basis-48"
          >
            <h2
              class="text-xl font-bold text-white"
            >
              Darts Homes
            </h2>
            <p
              class="text-xs text-white"
            >
              It supports home darts, which tend to be monotonous.
            </p>
          </div>
          <div
            class="flex flex-col gap-2 md:basis-48"
          >
            <h2
              class="text-xl font-bold text-white"
            >
              Feedback
            </h2>
            <div
              class="flex gap-3"
            >
              <a
                aria-label="subaru-git github page"
                href="https://github.com/subaru-git/darts-homes"
                rel="noopener noreferrer"
                target="_blank"
              >
                <svg
                  color="white"
                  fill="currentColor"
                  height="24"
                  stroke="currentColor"
                  stroke-width="0"
                  style="color: white;"
                  viewBox="0 0 1024 1024"
                  width="24"
                  xmlns="http://www.w3.org/2000/svg"
                >
                  <path
                    d="M511.6 76.3C264.3 76.2 64 276.4 64 523.5 64 718.9 189.3 885 363.8 946c23.5 5.9 19.9-10.8 19.9-22.2v-77.5c-135.7 15.9-141.2-73.9-150.3-88.9C215 726 171.5 718 184.5 703c30.9-15.9 62.4 4 98.9 57.9 26.4 39.1 77.9 32.5 104 26 5.7-23.5 17.9-44.5 34.7-60.8-140.6-25.2-199.2-111-199.2-213 0-49.5 16.3-95 48.3-131.7-20.4-60.5 1.9-112.3 4.9-120 58.1-5.2 118.5 41.6 123.2 45.3 33-8.9 70.7-13.6 112.9-13.6 42.4 0 80.2 4.9 113.5 13.9 11.3-8.6 67.3-48.8 121.3-43.9 2.9 7.7 24.7 58.3 5.5 118 32.4 36.8 48.9 82.7 48.9 132.3 0 102.2-59 188.1-200 212.9a127.5 127.5 0 0 1 38.1 91v112.5c.8 9 0 17.9 15 17.9 177.1-59.7 304.6-227 304.6-424.1 0-247.2-200.4-447.3-447.5-447.3z"
                  />
                </svg>
              </a>
              <a
                aria-label="darts_homes x"
                href="https://twitter.com/darts_homes"
                rel="noopener noreferrer"
                target="_blank"
              >
                <svg
                  color="white"
                  fill="currentColor"
                  height="24"
                  stroke="currentColor"
                  stroke-width="0"
                  style="color: white;"
                  viewBox="0 0 512 512"
                  width="24"
                  xmlns="http://www.w3.org/2000/svg"
                >
                  <path
                    d="M389.2 48h70.6L305.6 224.2 487 464H345L233.7 318.6 106.5 464H35.8L200.7 275.5 26.8 48H172.4L272.9 180.9 389.2 48zM364.4 421.8h39.1L151.1 88h-42L364.4 421.8z"
                  />
                </svg>
              </a>
            </div>
          </div>
          <div
            class="flex flex-col gap-2 md:basis-48"
          >
            <h2
              class="text-xl font-bold text-white"
            >
              Legal
            </h2>
            <div
              class="text-xs text-white"
            >
              <a
                href="/termsofservice"
              >
                Terms of service (Japanese Only)
              </a>
            </div>
            <div
              class="text-xs text-white"
            >
              <a
                href="/privacypolicy"
              >
                Privacy Policy (Japanese Only)
              </a>
            </div>
          </div>
        </div>
        <div
          class="text-xs text-gray-400 md:p-5"
        >
          Copyright © 2024 Darts Homes
        </div>
      </div>
    </div>
  </div>
  <span
    hidden=""
    id="__chakra_env"
  />
</div>
`;
