// Jest Snapshot v1, https://goo.gl/fbAQLP

exports[`should rendering 1`] = `
<div>
  <button
    aria-controls="popover-content-:r1:"
    aria-expanded="true"
    aria-haspopup="dialog"
    aria-label="change language"
    class="chakra-button css-p7mkev"
    id="popover-trigger-:r1:"
    type="button"
  >
    <svg
      aria-hidden="true"
      fill="currentColor"
      focusable="false"
      height="1em"
      stroke="currentColor"
      stroke-width="0"
      viewBox="0 0 512 512"
      width="1em"
      xmlns="http://www.w3.org/2000/svg"
    >
      <path
        d="M478.33 433.6l-90-218a22 22 0 00-40.67 0l-90 218a22 22 0 1040.67 16.79L316.66 406h102.67l18.33 44.39A22 22 0 00458 464a22 22 0 0020.32-30.4zM334.83 362L368 281.65 401.17 362zm-66.99-19.08a22 22 0 00-4.89-30.7c-.2-.15-15-11.13-36.49-34.73 39.65-53.68 62.11-114.75 71.27-143.49H330a22 22 0 000-44H214V70a22 22 0 00-44 0v20H54a22 22 0 000 44h197.25c-9.52 26.95-27.05 69.5-53.79 108.36-31.41-41.68-43.08-68.65-43.17-68.87a22 22 0 00-40.58 17c.58 1.38 14.55 34.23 52.86 83.93.92 1.19 1.83 2.35 2.74 3.51-39.24 44.35-77.74 71.86-93.85 80.74a22 22 0 1021.07 38.63c2.16-1.18 48.6-26.89 101.63-85.59 22.52 24.08 38 35.44 38.93 36.1a22 22 0 0030.75-4.9z"
      />
    </svg>
  </button>
  <div
    class="chakra-popover__popper css-0"
    data-popper-escaped=""
    data-popper-placement="bottom"
    data-popper-reference-hidden=""
    style="visibility: visible; position: absolute; min-width: max-content; inset: 0 auto auto 0; left: 0px; top: 0px; margin: 0px; transform: translate(0px, 8px); --popper-transform-origin: top center;"
  >
    <section
      class="chakra-popover__content css-1ab1jlb"
      id="popover-content-:r1:"
      role="dialog"
      style="transform-origin: var(--popper-transform-origin); opacity: 0; visibility: hidden; transform: scale(0.95) translateZ(0);"
      tabindex="-1"
    >
      <div
        class="css-1pv49ma"
        role="group"
      >
        <p
          class="chakra-text css-1hb0olr"
        >
          日本語
        </p>
      </div>
      <div
        class="css-1pv49ma"
        role="group"
      >
        <p
          class="chakra-text css-1hb0olr"
        >
          English
        </p>
      </div>
    </section>
  </div>
</div>
`;
