// Jest Snapshot v1, https://goo.gl/fbAQLP

exports[`should rendering 1`] = `
<div>
  <div>
    <div
      class="css-vyd9jy"
    >
      <div
        class="css-0"
      >
        <div
          class="css-tkevr6"
        >
          <p
            class="chakra-text css-9833tc"
          >
            This site appreciates and respects all darts content, including YouTube videos.
          </p>
        </div>
      </div>
      <div
        class="css-b6bcyj"
      >
        <link
          as="image"
          href="https://i.ytimg.com/vi/HiNOjEYbUXc/hqdefault.jpg"
          rel="preload"
        />
        <article
          class="yt-lite "
          data-title="【ダーツ】友達にダーツをさせる方法【菊地山口】"
          style="background-image: url(https://i.ytimg.com/vi/HiNOjEYbUXc/hqdefault.jpg); --aspect-ratio: 56.25%;"
        >
          <button
            aria-label="Watch 【ダーツ】友達にダーツをさせる方法【菊地山口】"
            class="lty-playbtn"
          />
        </article>
      </div>
    </div>
  </div>
  <span
    hidden=""
    id="__chakra_env"
  />
</div>
`;
