// Jest Snapshot v1, https://goo.gl/fbAQLP

exports[`should rendering 1`] = `
<div>
  <div
    class="flex justify-center gap-8"
  >
    <img
      alt="description image"
      data-nimg="1"
      decoding="async"
      height="360"
      loading="lazy"
      src="/_next/image?url=%2Fdarts.webp&w=1920&q=75"
      srcset="/_next/image?url=%2Fdarts.webp&w=640&q=75 1x, /_next/image?url=%2Fdarts.webp&w=1920&q=75 2x"
      style="color: transparent; object-fit: contain;"
      width="640"
    />
    <div
      class="flex max-w-lg flex-col justify-center gap-4"
    >
      <h2
        class="text-2xl font-bold"
      >
        Suggest practicing home darts
      </h2>
      <p
        class="whitespace-pre-wrap text-base"
      >
        We propose practice methods for home darts, which tend to be monotonous.
The practice is supported as an application with references to YouTube, Blogs, etc.
      </p>
    </div>
  </div>
  <span
    hidden=""
    id="__chakra_env"
  />
</div>
`;
