// Jest Snapshot v1, https://goo.gl/fbAQLP

exports[`should rendering 1`] = `
<div>
  <div
    class="css-9p431j"
  >
    <img
      alt="description image"
      class="chakra-image css-o4xn9l"
      src="/darts.webp"
    />
    <div
      class="css-1ligtzy"
    >
      <h2
        class="chakra-heading css-1jb3vzl"
      >
        Suggest practicing home darts
      </h2>
      <p
        class="chakra-text css-1lfynoq"
      >
        We propose practice methods for home darts, which tend to be monotonous.
The practice is supported as an application with references to YouTube, Blogs, etc.
      </p>
    </div>
  </div>
  <span
    hidden=""
    id="__chakra_env"
  />
</div>
`;
